node.exe : [WebServer] Warning: No ORIGIN, HOST_HEADER, or PROTOCOL_HEADER configured. The server will use http:// 
with the request Host header. For production, either:
At line:1 char:1
+ & "C:\nvm4w\nodejs/node.exe" "C:\nvm4w\nodejs/node_modules/npm/bin/np ...
+ ~~~~~~~~~~~~~~~~~~~~~~~~~~~~~~~~~~~~~~~~~~~~~~~~~~~~~~~~~~~~~~~~~~~~~
    + CategoryInfo          : NotSpecified: ([WebServer] War...uction, either::String) [], RemoteException
    + FullyQualifiedErrorId : NativeCommandError
 
[WebServer]   SSL_CERT + SSL_KEY for native TLS (no proxy needed)
[WebServer]   ORIGIN=https://example.com (behind a TLS proxy)
[WebServer]   PROTOCOL_HEADER=x-forwarded-proto + HOST_HEADER=x-forwarded-host (flexible proxy)
[WebServer]   See: https://svti.me/adapter-origin
[WebServer] Warning: No ORIGIN, HOST_HEADER, or PROTOCOL_HEADER configured. The server will use http:// with the 
request Host header. For production, either:
[WebServer]   SSL_CERT + SSL_KEY for native TLS (no proxy needed)
[WebServer]   ORIGIN=https://example.com (behind a TLS proxy)
[WebServer]   PROTOCOL_HEADER=x-forwarded-proto + HOST_HEADER=x-forwarded-host (flexible proxy)
[WebServer]   See: https://svti.me/adapter-origin
[Global Setup] Starting...
[Global Setup] Environment (test process only; server has its own via webServer.env): { DB_TYPE: undefined, CI: false }
[Global Setup] Cleaning old test data...
[Global Setup] Γ£ô Deleted: D:\zaroon_files\code\clientProjects\LiteSveltyCMS\config\collections
[Global Setup] Γ£ô Deleted: D:\zaroon_files\code\clientProjects\LiteSveltyCMS\.compiledCollections
[Global Setup] Cleanup completed (2 items removed)
[Global Setup] Directory already exists: D:\zaroon_files\code\clientProjects\LiteSveltyCMS\config\database
[Global Setup] Directory already exists: D:\zaroon_files\code\clientProjects\LiteSveltyCMS\tests\e2e\.auth
[Global Setup] Directory already exists: D:\zaroon_files\code\clientProjects\LiteSveltyCMS\logs
[Global Setup] Directory already exists: D:\zaroon_files\code\clientProjects\LiteSveltyCMS\mediaFolder
[Global Setup] Creating .gitkeep in: D:\zaroon_files\code\clientProjects\LiteSveltyCMS\mediaFolder
[Global Setup] Γ£ô Set default JWT_SECRET_KEY for test environment
[Global Setup] Γ£ô Set default ENCRYPTION_KEY for test environment
[Global Setup] Γ£ô Set default USE_GOOGLE_OAUTH for test environment
[Global Setup] Γ£ô Set default GOOGLE_CLIENT_ID for test environment
[Global Setup] Γ£ô Set default GITHUB_CLIENT_ID for test environment
[Global Setup] Γ£ô Set default DB_HOST for test environment
[Global Setup] Γ£ô Set default DB_NAME for test environment
[Global Setup] All required directories verified Γ£ô
[Global Setup] Complete

Running 48 tests using 2 workers

Testing OAuth button visibility with enabled OAuth
Γ£ô Google OAuth button is visible - OAuth is properly configured
Γ£ô Google OAuth button text verified
  Γ£ô   1 [firstuser] ΓÇ║ tests\e2e\routes\login\oauth.spec.ts:51:3 ΓÇ║ OAuth First User Signup ΓÇ║ OAuth button should be visible when OAuth is enabled (7.4s)
Testing OAuth redirect generation without real OAuth
Γ£ô OAuth action response status: 200
Γ£ô Response headers: [
  {
    "name": "content-type",
    "value": "application/json"
  },
  {
    "name": "x-content-type-options",
    "value": "nosniff"
  },
  {
    "name": "Date",
    "value": "Sun, 05 Jul 2026 07:52:04 GMT"
  },
  {
    "name": "uWebSockets",
    "value": "20"
  },
  {
    "name": "Content-Length",
    "value": "372"
  }
]
Γ£ô Response body (first 500 chars): {"type":"redirect","status":303,"location":"https://accounts.google.com/o/oauth2/v2/auth?access_type=offline&scope=https%3A%2F%2Fwww.googleapis.com%2Fauth%2Fuserinfo.profile%20https%3A%2F%2Fwww.googleapis.com%2Fauth%2Fuserinfo.email%20openid&redirect_uri=undefined%2Flogin%2Foauth&state=&include_granted_scopes=true&response_type=code&client_id=e2e-test-google-client-id"}
Γ£ô OAuth redirect generated: https://accounts.google.com/o/oauth2/v2/auth?access_type=offline&scope=https%3A%2F%2Fwww.googleapis.com%2Fauth%2Fuserinf...
Γ£ô OAuth redirect URL has correct structure
  Γ£ô   2 [firstuser] ΓÇ║ tests\e2e\routes\login\oauth.spec.ts:80:3 ΓÇ║ OAuth First User Signup ΓÇ║ OAuth redirect generation - mock flow (811ms)
Testing OAuth callback handling with mocked successful response
Γ£ô OAuth callback handled gracefully (OAuth not configured in this env)
  Γ£ô   3 [firstuser] ΓÇ║ tests\e2e\routes\login\oauth.spec.ts:113:3 ΓÇ║ OAuth First User Signup ΓÇ║ OAuth callback simulation - successful first user (23.1s)
Testing OAuth error handling
Γ£ô OAuth error redirected to login
  Γ£ô   4 [firstuser] ΓÇ║ tests\e2e\routes\login\oauth.spec.ts:139:3 ΓÇ║ OAuth First User Signup ΓÇ║ OAuth error handling (1.0s)
Testing OAuth callback with invalid_grant error
Γ£ô OAuth callback redirected to login
No specific error found - OAuth flow handled gracefully
  Γ£ô   5 [firstuser] ΓÇ║ tests\e2e\routes\login\oauth.spec.ts:161:3 ΓÇ║ OAuth First User Signup ΓÇ║ OAuth callback with invalid grant error (1.3s)
Testing OAuth signup with Google avatar handling
[WebServer] [svelte-realtime] Topic 'system_events:default' has subscribers but no events arrived within 30000ms.
[WebServer]   Common causes:
[WebServer]     - missing pg_notify trigger on the underlying table
[WebServer]     - no ctx.publish() call in the relevant handler
[WebServer]     - intentionally low-traffic topic (extend threshold or suppress)
[WebServer]   Configure: live.silentTopicWarning({ thresholdMs: 60000 })
[WebServer]   Suppress:  live.silentTopicWarning({ suppress: ['system_events:default'] })
[WebServer]   Disable:   live.silentTopicWarning(false)
[WebServer]   See: https://svti.me/silent-topic
[WebServer] [svelte-realtime] Topic 'chat:ai:default' has subscribers but no events arrived within 30000ms.
[WebServer]   Common causes:
[WebServer]     - missing pg_notify trigger on the underlying table
[WebServer]     - no ctx.publish() call in the relevant handler
[WebServer]     - intentionally low-traffic topic (extend threshold or suppress)
[WebServer]   Configure: live.silentTopicWarning({ thresholdMs: 60000 })
[WebServer]   Suppress:  live.silentTopicWarning({ suppress: ['chat:ai:default'] })
[WebServer]   Disable:   live.silentTopicWarning(false)
[WebServer]   See: https://svti.me/silent-topic
Γ£ô OAuth callback handled gracefully (OAuth not configured in this env)
  Γ£ô   6 [firstuser] ΓÇ║ tests\e2e\routes\login\oauth.spec.ts:194:3 ΓÇ║ OAuth First User Signup ΓÇ║ OAuth signup with Google avatar processing (22.8s)
Checking OAuth configuration for testing environment
Γ£ô Google OAuth button is present in sign-up form
Γ£ô Test environment OAuth configuration is working
  Γ£ô   7 [firstuser] ΓÇ║ tests\e2e\routes\login\oauth.spec.ts:222:3 ΓÇ║ OAuth Configuration Check ΓÇ║ Check if OAuth is properly configured for testing (1.8s)
  Γ£ô   8 [firstuser] ΓÇ║ tests\e2e\routes\login\signup.spec.ts:26:1 ΓÇ║ Test loading homepage and login screen (2.2s)
  Γ£ô   9 [firstuser] ΓÇ║ tests\e2e\routes\login\signup.spec.ts:37:1 ΓÇ║ Check language selection updates UI text (3.9s)
  Γ£ô  10 [firstuser] ΓÇ║ tests\e2e\routes\login\signup.spec.ts:70:1 ΓÇ║ SignUp First User (4.5s)
[WebServer] [TestingHandler] action: seed, collectionId: N/A, tenant: global
  Γ£ô  11 [firstuser] ΓÇ║ tests\e2e\routes\login\signup.spec.ts:117:3 ΓÇ║ SignIn & SignOut Flows ΓÇ║ SignOut after login (4.5s)
[WebServer] [TestingHandler] action: seed, collectionId: N/A, tenant: global
  Γ£ô  12 [firstuser] ΓÇ║ tests\e2e\routes\login\signup.spec.ts:133:3 ΓÇ║ SignIn & SignOut Flows ΓÇ║ Login First User (4.1s)
  Γ£ô  13 [firstuser] ΓÇ║ tests\e2e\routes\login\signup.spec.ts:146:1 ΓÇ║ Forgot Password Flow (6.8s)
[Setup] Resetting database via Testing API...
[WebServer] [TestingHandler] action: reset, collectionId: N/A, tenant: global
[WebServer] [TestingHandler] RESET TRIGGERED for tenant: global
[Setup] Seeding database with admin@example.com...
[WebServer] [TestingHandler] action: seed, collectionId: N/A, tenant: global
[Setup] URL after goto: http://127.0.0.1:4173/
[Setup] Page title: 
[Setup] Storage state saved to tests/e2e/.auth/admin.json
  Γ£ô  14 [auth-setup] ΓÇ║ tests\e2e\auth.setup.ts:72:3 ΓÇ║ E2E Role-Based Setup ΓÇ║ authenticate as admin (1.7s)
[Setup] Creating Editor user...
[WebServer] [TestingHandler] action: create-user, collectionId: N/A, tenant: null
[WebServer] [TestingHandler] action: login, collectionId: N/A, tenant: null
[Setup] URL after goto: http://127.0.0.1:4173/
[Setup] Page title: 
[Setup] Storage state saved to tests/e2e/.auth/editor.json
[Setup] Creating Author user...
[WebServer] [TestingHandler] action: create-user, collectionId: N/A, tenant: null
[WebServer] [TestingHandler] action: login, collectionId: N/A, tenant: null
[Setup] URL after goto: http://127.0.0.1:4173/
[Setup] Page title: 
[Setup] Storage state saved to tests/e2e/.auth/author.json
  Γ£ô  15 [auth-setup] ΓÇ║ tests\e2e\auth.setup.ts:100:3 ΓÇ║ E2E Role-Based Setup ΓÇ║ provision editor and author via test API (1.3s)
[WebServer] [TestingHandler] action: reset, collectionId: N/A, tenant: global
[WebServer] [TestingHandler] RESET TRIGGERED for tenant: global
[WebServer] [TestingHandler] action: seed, collectionId: N/A, tenant: global
[Auth] Preparing login form...
[Auth] Navigating to /login...
[Auth] Checking for blocking modals...
[Auth] Modal dismissal complete.
[Auth] Clicking SIGN IN icon...
[Auth] Waiting for signin-email field...
[Auth] Filling email: admin@example.com
[Auth] Submitting login form...
Γ£ô Login successful, current URL: http://127.0.0.1:4173/en/collection/names
[Auth] Logging out using selector: [aria-label*="sign out" i]
Γ£ô Logout successful
  Γ£ô  16 [auth-setup] ΓÇ║ tests\e2e\routes\login\login.spec.ts:21:3 ΓÇ║ Login and Logout Flow ΓÇ║ should login and logout successfully (6.1s)
[WebServer] [svelte-realtime] Topic 'system_events:19649daa-beb9-4c7f-9c1c-1438c456abe5' has subscribers but no events 
arrived within 30000ms.
[WebServer]   Common causes:
[WebServer]     - missing pg_notify trigger on the underlying table
[WebServer]     - no ctx.publish() call in the relevant handler
[WebServer]     - intentionally low-traffic topic (extend threshold or suppress)
[WebServer]   Configure: live.silentTopicWarning({ thresholdMs: 60000 })
[WebServer]   Suppress:  live.silentTopicWarning({ suppress: ['system_events:19649daa-beb9-4c7f-9c1c-1438c456abe5'] })
[WebServer]   Disable:   live.silentTopicWarning(false)
[WebServer]   See: https://svti.me/silent-topic
[Auth] Preparing login form...
[Auth] Preparing login form...
[Auth] Navigating to /login...
[Auth] Checking for blocking modals...
[Auth] Modal dismissal complete.
[Auth] Clicking SIGN IN icon...
[Auth] Navigating to /login...
[Auth] Waiting for signin-email field...
[Auth] Filling email: admin@example.com
[Auth] Submitting login form...
[Auth] Checking for blocking modals...
[Auth] Modal dismissal complete.
[Auth] Clicking SIGN IN icon...
[Auth] Waiting for signin-email field...
[Auth] Filling email: admin@example.com
[Auth] Submitting login form...
  Γ£ô  17 [content] ΓÇ║ tests\e2e\routes\collection-builder\content-smoke.spec.ts:5:3 ΓÇ║ Content Smoke ΓÇ║ admin can reach collection builder and open a new collection draft (25.7s)
  Γ£ô  18 [builder] ΓÇ║ tests\e2e\routes\collection-builder\builder.spec.ts:45:3 ΓÇ║ Collection Builder with Modern Widgets ΓÇ║ should navigate to collection builder (25.9s)
[Auth] Preparing login form...
[Auth] Navigating to /login...
[Auth] Checking for blocking modals...
[Auth] Modal dismissal complete.
[Auth] Clicking SIGN IN icon...
[Auth] Waiting for signin-email field...
[Auth] Filling email: admin@example.com
[Auth] Submitting login form...
  Γ£ô  19 [builder] ΓÇ║ tests\e2e\routes\collection-builder\builder.spec.ts:82:3 ΓÇ║ Collection Builder with Modern Widgets ΓÇ║ should create a collection with modern widgets (5.6s)
[Auth] Preparing login form...
[Auth] Navigating to /login...
[Auth] Checking for blocking modals...
[Auth] Modal dismissal complete.
[Auth] Clicking SIGN IN icon...
[Auth] Waiting for signin-email field...
[Auth] Filling email: admin@example.com
[Auth] Submitting login form...
  Γ£ô  20 [builder] ΓÇ║ tests\e2e\routes\collection-builder\builder.spec.ts:103:3 ΓÇ║ Collection Builder with Modern Widgets ΓÇ║ should filter widgets by search (5.5s)
[Auth] Preparing login form...
[Auth] Navigating to /login...
[Auth] Checking for blocking modals...
[Auth] Modal dismissal complete.
[Auth] Clicking SIGN IN icon...
[Auth] Preparing login form...
[Auth] Waiting for signin-email field...
[Auth] Filling email: admin@example.com
[Auth] Submitting login form...
[Auth] Navigating to /login...
  Γ£ô  21 [builder] ΓÇ║ tests\e2e\routes\collection-builder\builder.spec.ts:122:3 ΓÇ║ Collection Builder with Modern Widgets ΓÇ║ should configure widget-specific properties (8.3s)
[Auth] Checking for blocking modals...
[Auth] Modal dismissal complete.
[Auth] Clicking SIGN IN icon...
[Auth] Preparing login form...
[Auth] Waiting for signin-email field...
[Auth] Filling email: admin@example.com
[Auth] Submitting login form...
[Auth] Navigating to /login...
[Auth] Checking for blocking modals...
[Auth] Modal dismissal complete.
[Auth] Clicking SIGN IN icon...
[Auth] Waiting for signin-email field...
[Auth] Filling email: admin@example.com
[Auth] Submitting login form...
  Γ£ô  23 [builder] ΓÇ║ tests\e2e\routes\collection-builder\builder.spec.ts:148:3 ΓÇ║ Collection Builder with Modern Widgets ΓÇ║ should handle widget dependencies (10.5s)
[Auth] Preparing login form...
[Auth] Navigating to /login...
  Γ£ô  22 [builder] ΓÇ║ tests\e2e\routes\collection-builder\builder.spec.ts:60:3 ΓÇ║ Collection Builder with Modern Widgets ΓÇ║ should display widget management page (18.9s)
[Auth] Checking for blocking modals...
[Auth] Modal dismissal complete.
[Auth] Clicking SIGN IN icon...
[Auth] Preparing login form...
[Auth] Waiting for signin-email field...
[Auth] Filling email: admin@example.com
[Auth] Navigating to /login...
[Auth] Submitting login form...
[Auth] Checking for blocking modals...
[Auth] Modal dismissal complete.
[Auth] Clicking SIGN IN icon...
[Auth] Waiting for signin-email field...
[Auth] Filling email: admin@example.com
[Auth] Submitting login form...
  Γ£ô  24 [builder] ΓÇ║ tests\e2e\routes\collection-builder\builder.spec.ts:164:3 ΓÇ║ Collection Builder with Modern Widgets ΓÇ║ should enable/disable widgets (6.8s)
[Auth] Preparing login form...
[Auth] Navigating to /login...
[Auth] Checking for blocking modals...
[Auth] Modal dismissal complete.
[Auth] Clicking SIGN IN icon...
[Auth] Waiting for signin-email field...
[Auth] Filling email: admin@example.com
[Auth] Submitting login form...
  Γ£ô  25 [builder] ΓÇ║ tests\e2e\routes\collection-builder\builder.spec.ts:189:3 ΓÇ║ Collection Builder with Modern Widgets ΓÇ║ should validate collection creation (10.5s)
[WebServer] [TestingHandler] action: create-collection, collectionId: N/A, tenant: global
[Auth] Preparing login form...
[Auth] Navigating to /login...
[Auth] Checking for blocking modals...
[Auth] Modal dismissal complete.
[Auth] Clicking SIGN IN icon...
[Auth] Waiting for signin-email field...
[Auth] Filling email: admin@example.com
[Auth] Submitting login form...
  Γ£ô  26 [builder] ΓÇ║ tests\e2e\routes\collection-builder\builder.spec.ts:223:3 ΓÇ║ Collection Builder with Modern Widgets ΓÇ║ should support field reordering (10.7s)
[Auth] Preparing login form...
[Auth] Navigating to /login...
[Auth] Checking for blocking modals...
[Auth] Modal dismissal complete.
[Auth] Clicking SIGN IN icon...
[Auth] Waiting for signin-email field...
[Auth] Filling email: admin@example.com
[Auth] Submitting login form...
  Γ£ÿ  27 [builder] ΓÇ║ tests\e2e\routes\collection-builder\collection.spec.ts:16:3 ΓÇ║ Full Collection & Widget Flow ΓÇ║ Login, create collection, perform actions, and add widget (16.7s)
[Auth] Preparing login form...
[Auth] Navigating to /login...
[Auth] Checking for blocking modals...
[Auth] Modal dismissal complete.
[Auth] Clicking SIGN IN icon...
[Auth] Waiting for signin-email field...
[Auth] Filling email: admin@example.com
[Auth] Submitting login form...
  Γ£ô  29 [builder] ΓÇ║ tests\e2e\routes\collection-builder\empty-state.spec.ts:57:3 ΓÇ║ Collection Builder ΓÇö Empty State ΓÇ║ should navigate to new collection from empty state (7.0s)
[Auth] Preparing login form...
[Auth] Navigating to /login...
  Γ£ÿ  28 [builder] ΓÇ║ tests\e2e\routes\collection-builder\empty-state.spec.ts:39:3 ΓÇ║ Collection Builder ΓÇö Empty State ΓÇ║ should show empty state when no collections exist (16.7s)
[Auth] Checking for blocking modals...
[Auth] Modal dismissal complete.
[Auth] Clicking SIGN IN icon...
[Auth] Waiting for signin-email field...
[Auth] Filling email: admin@example.com
[Auth] Submitting login form...
  Γ£ô  30 [builder] ΓÇ║ tests\e2e\routes\collection-builder\empty-state.spec.ts:70:3 ΓÇ║ Collection Builder ΓÇö Empty State ΓÇ║ should open Quick Start modal from empty state (5.5s)
[Auth] Preparing login form...
[Auth] Preparing login form...
[Auth] Navigating to /login...
[Auth] Navigating to /login...
[Auth] Checking for blocking modals...
[Auth] Modal dismissal complete.
[Auth] Clicking SIGN IN icon...
[Auth] Checking for blocking modals...
[Auth] Modal dismissal complete.
[Auth] Clicking SIGN IN icon...
[Auth] Waiting for signin-email field...
[Auth] Filling email: admin@example.com
[Auth] Submitting login form...
[Auth] Waiting for signin-email field...
[Auth] Filling email: admin@example.com
[Auth] Submitting login form...
  Γ£ÿ  31 [builder] ΓÇ║ tests\e2e\routes\collection-builder\empty-state.spec.ts:89:3 ΓÇ║ Collection Builder ΓÇö Empty State ΓÇ║ should install a Quick Start template from empty state (31.4s)
  Γ£ÿ  32 [builder] ΓÇ║ tests\e2e\routes\collection-builder\journey.spec.ts:11:3 ΓÇ║ Master Behavioral Journey ΓÇ║ Full Lifecycle: Builder -> Schema -> Entry -> API (32.2s)
[Auth] Preparing login form...
[Auth] Preparing login form...
[Auth] Navigating to /login...
[Auth] Checking for blocking modals...
[Auth] Modal dismissal complete.
[Auth] Clicking SIGN IN icon...
[Auth] Navigating to /login...
[Auth] Waiting for signin-email field...
[Auth] Filling email: admin@example.com
[Auth] Submitting login form...
[Auth] Checking for blocking modals...
[Auth] Modal dismissal complete.
[Auth] Clicking SIGN IN icon...
[Auth] Waiting for signin-email field...
[Auth] Filling email: admin@example.com
[Auth] Submitting login form...
  Γ£ô  33 [chromium] ΓÇ║ tests\e2e\routes\collection-builder\builder.spec.ts:45:3 ΓÇ║ Collection Builder with Modern Widgets ΓÇ║ should navigate to collection builder (11.6s)
[Auth] Preparing login form...
[Auth] Navigating to /login...
[Auth] Checking for blocking modals...
[Auth] Modal dismissal complete.
[Auth] Clicking SIGN IN icon...
  Γ£ô  34 [chromium] ΓÇ║ tests\e2e\routes\collection-builder\builder.spec.ts:60:3 ΓÇ║ Collection Builder with Modern Widgets ΓÇ║ should display widget management page (14.0s)
[Auth] Preparing login form...
[Auth] Waiting for signin-email field...
[Auth] Filling email: admin@example.com
[Auth] Submitting login form...
[Auth] Navigating to /login...
[Auth] Checking for blocking modals...
[Auth] Modal dismissal complete.
[Auth] Clicking SIGN IN icon...
[Auth] Waiting for signin-email field...
[Auth] Filling email: admin@example.com
[Auth] Submitting login form...
  Γ£ô  36 [chromium] ΓÇ║ tests\e2e\routes\collection-builder\builder.spec.ts:103:3 ΓÇ║ Collection Builder with Modern Widgets ΓÇ║ should filter widgets by search (10.8s)
  Γ£ô  35 [chromium] ΓÇ║ tests\e2e\routes\collection-builder\builder.spec.ts:82:3 ΓÇ║ Collection Builder with Modern Widgets ΓÇ║ should create a collection with modern widgets (14.0s)
[Auth] Preparing login form...
[Auth] Preparing login form...
[Auth] Navigating to /login...
[Auth] Navigating to /login...
[Auth] Checking for blocking modals...
[Auth] Modal dismissal complete.
[Auth] Clicking SIGN IN icon...
[Auth] Checking for blocking modals...
[Auth] Modal dismissal complete.
[Auth] Clicking SIGN IN icon...
[Auth] Waiting for signin-email field...
[Auth] Filling email: admin@example.com
[Auth] Submitting login form...
[Auth] Waiting for signin-email field...
[Auth] Filling email: admin@example.com
[Auth] Submitting login form...
  Γ£ô  38 [chromium] ΓÇ║ tests\e2e\routes\collection-builder\builder.spec.ts:148:3 ΓÇ║ Collection Builder with Modern Widgets ΓÇ║ should handle widget dependencies (9.7s)
[Auth] Preparing login form...
  Γ£ô  37 [chromium] ΓÇ║ tests\e2e\routes\collection-builder\builder.spec.ts:122:3 ΓÇ║ Collection Builder with Modern Widgets ΓÇ║ should configure widget-specific properties (11.1s)
[Auth] Navigating to /login...
[Auth] Preparing login form...
[Auth] Navigating to /login...
[Auth] Checking for blocking modals...
[Auth] Modal dismissal complete.
[Auth] Clicking SIGN IN icon...
[Auth] Checking for blocking modals...
[Auth] Modal dismissal complete.
[Auth] Clicking SIGN IN icon...
[Auth] Waiting for signin-email field...
[Auth] Filling email: admin@example.com
[Auth] Submitting login form...
[Auth] Waiting for signin-email field...
[Auth] Filling email: admin@example.com
[Auth] Submitting login form...
  Γ£ô  39 [chromium] ΓÇ║ tests\e2e\routes\collection-builder\builder.spec.ts:164:3 ΓÇ║ Collection Builder with Modern Widgets ΓÇ║ should enable/disable widgets (8.2s)
[Auth] Preparing login form...
[Auth] Navigating to /login...
  Γ£ô  40 [chromium] ΓÇ║ tests\e2e\routes\collection-builder\builder.spec.ts:189:3 ΓÇ║ Collection Builder with Modern Widgets ΓÇ║ should validate collection creation (9.3s)
[WebServer] [TestingHandler] action: create-collection, collectionId: N/A, tenant: global
[Auth] Preparing login form...
[Auth] Navigating to /login...
[Auth] Checking for blocking modals...
[Auth] Modal dismissal complete.
[Auth] Clicking SIGN IN icon...
[Auth] Checking for blocking modals...
[Auth] Modal dismissal complete.
[Auth] Clicking SIGN IN icon...
[Auth] Waiting for signin-email field...
[Auth] Filling email: admin@example.com
[Auth] Submitting login form...
[Auth] Waiting for signin-email field...
[Auth] Filling email: admin@example.com
[Auth] Submitting login form...
  Γ£ô  41 [chromium] ΓÇ║ tests\e2e\routes\collection-builder\builder.spec.ts:223:3 ΓÇ║ Collection Builder with Modern Widgets ΓÇ║ should support field reordering (9.5s)
[Auth] Preparing login form...
[Auth] Navigating to /login...
[Auth] Checking for blocking modals...
[Auth] Modal dismissal complete.
[Auth] Clicking SIGN IN icon...
[Auth] Waiting for signin-email field...
[Auth] Filling email: admin@example.com
[Auth] Submitting login form...
  Γ£ô  43 [chromium] ΓÇ║ tests\e2e\routes\collection-builder\content-smoke.spec.ts:5:3 ΓÇ║ Content Smoke ΓÇ║ admin can reach collection builder and open a new collection draft (5.0s)
[Auth] Preparing login form...
[Auth] Navigating to /login...
[Auth] Checking for blocking modals...
[Auth] Modal dismissal complete.
[Auth] Clicking SIGN IN icon...
[Auth] Waiting for signin-email field...
[Auth] Filling email: admin@example.com
[Auth] Submitting login form...
  Γ£ÿ  42 [chromium] ΓÇ║ tests\e2e\routes\collection-builder\collection.spec.ts:16:3 ΓÇ║ Full Collection & Widget Flow ΓÇ║ Login, create collection, perform actions, and add widget (17.5s)
[Auth] Preparing login form...
[Auth] Navigating to /login...
[Auth] Checking for blocking modals...
[Auth] Modal dismissal complete.
[Auth] Clicking SIGN IN icon...
[Auth] Waiting for signin-email field...
[Auth] Filling email: admin@example.com
[Auth] Submitting login form...
  Γ£ô  45 [chromium] ΓÇ║ tests\e2e\routes\collection-builder\empty-state.spec.ts:57:3 ΓÇ║ Collection Builder ΓÇö Empty State ΓÇ║ should navigate to new collection from empty state (6.1s)
[Auth] Preparing login form...
[Auth] Navigating to /login...
[Auth] Checking for blocking modals...
[Auth] Modal dismissal complete.
[Auth] Clicking SIGN IN icon...
[Auth] Waiting for signin-email field...
[Auth] Filling email: admin@example.com
[Auth] Submitting login form...
  Γ£ÿ  44 [chromium] ΓÇ║ tests\e2e\routes\collection-builder\empty-state.spec.ts:39:3 ΓÇ║ Collection Builder ΓÇö Empty State ΓÇ║ should show empty state when no collections exist (15.6s)
  Γ£ô  46 [chromium] ΓÇ║ tests\e2e\routes\collection-builder\empty-state.spec.ts:70:3 ΓÇ║ Collection Builder ΓÇö Empty State ΓÇ║ should open Quick Start modal from empty state (5.3s)
[Auth] Preparing login form...
[Auth] Navigating to /login...
[Auth] Checking for blocking modals...
[Auth] Modal dismissal complete.
[Auth] Clicking SIGN IN icon...
[Auth] Waiting for signin-email field...
[Auth] Filling email: admin@example.com
[Auth] Preparing login form...
[Auth] Submitting login form...
[Auth] Navigating to /login...
[Auth] Checking for blocking modals...
[Auth] Modal dismissal complete.
[Auth] Clicking SIGN IN icon...
[Auth] Waiting for signin-email field...
[Auth] Filling email: admin@example.com
[Auth] Submitting login form...
  Γ£ÿ  48 [chromium] ΓÇ║ tests\e2e\routes\collection-builder\empty-state.spec.ts:89:3 ΓÇ║ Collection Builder ΓÇö Empty State ΓÇ║ should install a Quick Start template from empty state (27.3s)
  Γ£ÿ  47 [chromium] ΓÇ║ tests\e2e\routes\collection-builder\journey.spec.ts:11:3 ΓÇ║ Master Behavioral Journey ΓÇ║ Full Lifecycle: Builder -> Schema -> Entry -> API (32.4s)


  1) [builder] ΓÇ║ tests\e2e\routes\collection-builder\collection.spec.ts:16:3 ΓÇ║ Full Collection & Widget Flow ΓÇ║ Login, create collection, perform actions, and add widget 

    TimeoutError: locator.waitFor: Timeout 10000ms exceeded.
    Call log:
      - waiting for getByRole('button', { name: /create/i }) to be visible


      57 |     // 2. Create Entry ΓÇö the button may have text "Create New" or "Add Entry"
      58 |     const createBtn = page.getByRole("button", { name: /create/i });
    > 59 |     await createBtn.waitFor({ state: "visible", timeout: 10_000 });
         |                     ^
      60 |     await createBtn.click();
      61 |     await page.getByPlaceholder(/first name/i).fill("First Name");
      62 |     await page.getByPlaceholder(/last name/i).fill("Last Name");
        at D:\zaroon_files\code\clientProjects\LiteSveltyCMS\tests\e2e\routes\collection-builder\collection.spec.ts:59:21

    attachment #1: video (video/webm) ΓöÇΓöÇΓöÇΓöÇΓöÇΓöÇΓöÇΓöÇΓöÇΓöÇΓöÇΓöÇΓöÇΓöÇΓöÇΓöÇΓöÇΓöÇΓöÇΓöÇΓöÇΓöÇΓöÇΓöÇΓöÇΓöÇΓöÇΓöÇΓöÇΓöÇΓöÇΓöÇΓöÇΓöÇΓöÇΓöÇΓöÇΓöÇΓöÇΓöÇΓöÇΓöÇΓöÇΓöÇΓöÇΓöÇΓöÇΓöÇΓöÇΓöÇΓöÇΓöÇΓöÇΓöÇΓöÇΓöÇΓöÇΓöÇΓöÇΓöÇΓöÇΓöÇ
    test-results\routes-collection-builder--950f3-form-actions-and-add-widget-builder\video.webm
    ΓöÇΓöÇΓöÇΓöÇΓöÇΓöÇΓöÇΓöÇΓöÇΓöÇΓöÇΓöÇΓöÇΓöÇΓöÇΓöÇΓöÇΓöÇΓöÇΓöÇΓöÇΓöÇΓöÇΓöÇΓöÇΓöÇΓöÇΓöÇΓöÇΓöÇΓöÇΓöÇΓöÇΓöÇΓöÇΓöÇΓöÇΓöÇΓöÇΓöÇΓöÇΓöÇΓöÇΓöÇΓöÇΓöÇΓöÇΓöÇΓöÇΓöÇΓöÇΓöÇΓöÇΓöÇΓöÇΓöÇΓöÇΓöÇΓöÇΓöÇΓöÇΓöÇΓöÇΓöÇΓöÇΓöÇΓöÇΓöÇΓöÇΓöÇΓöÇΓöÇΓöÇΓöÇΓöÇΓöÇΓöÇΓöÇΓöÇΓöÇΓöÇΓöÇΓöÇΓöÇΓöÇΓöÇΓöÇΓöÇΓöÇΓöÇΓöÇΓöÇΓöÇΓöÇΓöÇΓöÇ

    Error Context: test-results\routes-collection-builder--950f3-form-actions-and-add-widget-builder\error-context.md

  2) [builder] ΓÇ║ tests\e2e\routes\collection-builder\empty-state.spec.ts:39:3 ΓÇ║ Collection Builder ΓÇö Empty State ΓÇ║ should show empty state when no collections exist 

    Error: expect(locator).toBeVisible() failed

    Locator: getByText(/blueprint is empty/i).first()
    Expected: visible
    Timeout: 10000ms
    Error: element(s) not found

    Call log:
      - Expect "toBeVisible" with timeout 10000ms
      - waiting for getByText(/blueprint is empty/i).first()


      44 |     await expect(
      45 |       page.getByText(/blueprint is empty/i).first(),
    > 46 |     ).toBeVisible({
         |       ^
      47 |       timeout: 10_000,
      48 |     });
      49 |
        at D:\zaroon_files\code\clientProjects\LiteSveltyCMS\tests\e2e\routes\collection-builder\empty-state.spec.ts:46:7

    attachment #1: video (video/webm) ΓöÇΓöÇΓöÇΓöÇΓöÇΓöÇΓöÇΓöÇΓöÇΓöÇΓöÇΓöÇΓöÇΓöÇΓöÇΓöÇΓöÇΓöÇΓöÇΓöÇΓöÇΓöÇΓöÇΓöÇΓöÇΓöÇΓöÇΓöÇΓöÇΓöÇΓöÇΓöÇΓöÇΓöÇΓöÇΓöÇΓöÇΓöÇΓöÇΓöÇΓöÇΓöÇΓöÇΓöÇΓöÇΓöÇΓöÇΓöÇΓöÇΓöÇΓöÇΓöÇΓöÇΓöÇΓöÇΓöÇΓöÇΓöÇΓöÇΓöÇΓöÇΓöÇ
    test-results\routes-collection-builder--eb3db-e-when-no-collections-exist-builder\video.webm
    ΓöÇΓöÇΓöÇΓöÇΓöÇΓöÇΓöÇΓöÇΓöÇΓöÇΓöÇΓöÇΓöÇΓöÇΓöÇΓöÇΓöÇΓöÇΓöÇΓöÇΓöÇΓöÇΓöÇΓöÇΓöÇΓöÇΓöÇΓöÇΓöÇΓöÇΓöÇΓöÇΓöÇΓöÇΓöÇΓöÇΓöÇΓöÇΓöÇΓöÇΓöÇΓöÇΓöÇΓöÇΓöÇΓöÇΓöÇΓöÇΓöÇΓöÇΓöÇΓöÇΓöÇΓöÇΓöÇΓöÇΓöÇΓöÇΓöÇΓöÇΓöÇΓöÇΓöÇΓöÇΓöÇΓöÇΓöÇΓöÇΓöÇΓöÇΓöÇΓöÇΓöÇΓöÇΓöÇΓöÇΓöÇΓöÇΓöÇΓöÇΓöÇΓöÇΓöÇΓöÇΓöÇΓöÇΓöÇΓöÇΓöÇΓöÇΓöÇΓöÇΓöÇΓöÇΓöÇΓöÇ

    Error Context: test-results\routes-collection-builder--eb3db-e-when-no-collections-exist-builder\error-context.md

  3) [builder] ΓÇ║ tests\e2e\routes\collection-builder\empty-state.spec.ts:89:3 ΓÇ║ Collection Builder ΓÇö Empty State ΓÇ║ should install a Quick Start template from empty state 

    Error: expect(locator).toBeVisible() failed

    Locator: getByText(/collections created successfully/i)
    Expected: visible
    Timeout: 15000ms
    Error: element(s) not found

    Call log:
      - Expect "toBeVisible" with timeout 15000ms
      - waiting for getByText(/collections created successfully/i)
        - waiting for" http://127.0.0.1:4173/config/collectionbuilder" navigation to finish...
        - navigated to "http://127.0.0.1:4173/config/collectionbuilder"


      100 |
      101 |     // Should get a success toast
    > 102 |     await expect(page.getByText(/collections created successfully/i)).toBeVisible({
          |                                                                       ^
      103 |       timeout: 15_000,
      104 |     });
      105 |
        at D:\zaroon_files\code\clientProjects\LiteSveltyCMS\tests\e2e\routes\collection-builder\empty-state.spec.ts:102:71

    attachment #1: video (video/webm) ΓöÇΓöÇΓöÇΓöÇΓöÇΓöÇΓöÇΓöÇΓöÇΓöÇΓöÇΓöÇΓöÇΓöÇΓöÇΓöÇΓöÇΓöÇΓöÇΓöÇΓöÇΓöÇΓöÇΓöÇΓöÇΓöÇΓöÇΓöÇΓöÇΓöÇΓöÇΓöÇΓöÇΓöÇΓöÇΓöÇΓöÇΓöÇΓöÇΓöÇΓöÇΓöÇΓöÇΓöÇΓöÇΓöÇΓöÇΓöÇΓöÇΓöÇΓöÇΓöÇΓöÇΓöÇΓöÇΓöÇΓöÇΓöÇΓöÇΓöÇΓöÇΓöÇ
    test-results\routes-collection-builder--d0c98-t-template-from-empty-state-builder\video.webm
    ΓöÇΓöÇΓöÇΓöÇΓöÇΓöÇΓöÇΓöÇΓöÇΓöÇΓöÇΓöÇΓöÇΓöÇΓöÇΓöÇΓöÇΓöÇΓöÇΓöÇΓöÇΓöÇΓöÇΓöÇΓöÇΓöÇΓöÇΓöÇΓöÇΓöÇΓöÇΓöÇΓöÇΓöÇΓöÇΓöÇΓöÇΓöÇΓöÇΓöÇΓöÇΓöÇΓöÇΓöÇΓöÇΓöÇΓöÇΓöÇΓöÇΓöÇΓöÇΓöÇΓöÇΓöÇΓöÇΓöÇΓöÇΓöÇΓöÇΓöÇΓöÇΓöÇΓöÇΓöÇΓöÇΓöÇΓöÇΓöÇΓöÇΓöÇΓöÇΓöÇΓöÇΓöÇΓöÇΓöÇΓöÇΓöÇΓöÇΓöÇΓöÇΓöÇΓöÇΓöÇΓöÇΓöÇΓöÇΓöÇΓöÇΓöÇΓöÇΓöÇΓöÇΓöÇΓöÇΓöÇ

    Error Context: test-results\routes-collection-builder--d0c98-t-template-from-empty-state-builder\error-context.md

  4) [builder] ΓÇ║ tests\e2e\routes\collection-builder\journey.spec.ts:11:3 ΓÇ║ Master Behavioral Journey ΓÇ║ Full Lifecycle: Builder -> Schema -> Entry -> API 

    Test timeout of 30000ms exceeded.

    Error: locator.click: Test timeout of 30000ms exceeded.
    Call log:
      - waiting for getByRole('button', { name: /create new/i })


      46 |     // Click the treeitem to navigate to the entry page (client-side navigation)
      47 |     await page.getByRole("treeitem", { name: RegExp(collectionName, 'i') }).first().click();
    > 48 |     await page.getByRole("button", { name: /create new/i }).click();
         |                                                             ^
      49 |
      50 |     // Fill the dynamically generated text field
      51 |     await page.getByLabel(/new input/i).fill("The TQA Project");
        at D:\zaroon_files\code\clientProjects\LiteSveltyCMS\tests\e2e\routes\collection-builder\journey.spec.ts:48:61

    attachment #1: video (video/webm) ΓöÇΓöÇΓöÇΓöÇΓöÇΓöÇΓöÇΓöÇΓöÇΓöÇΓöÇΓöÇΓöÇΓöÇΓöÇΓöÇΓöÇΓöÇΓöÇΓöÇΓöÇΓöÇΓöÇΓöÇΓöÇΓöÇΓöÇΓöÇΓöÇΓöÇΓöÇΓöÇΓöÇΓöÇΓöÇΓöÇΓöÇΓöÇΓöÇΓöÇΓöÇΓöÇΓöÇΓöÇΓöÇΓöÇΓöÇΓöÇΓöÇΓöÇΓöÇΓöÇΓöÇΓöÇΓöÇΓöÇΓöÇΓöÇΓöÇΓöÇΓöÇΓöÇ
    test-results\routes-collection-builder--70853-lder---Schema---Entry---API-builder\video.webm
    ΓöÇΓöÇΓöÇΓöÇΓöÇΓöÇΓöÇΓöÇΓöÇΓöÇΓöÇΓöÇΓöÇΓöÇΓöÇΓöÇΓöÇΓöÇΓöÇΓöÇΓöÇΓöÇΓöÇΓöÇΓöÇΓöÇΓöÇΓöÇΓöÇΓöÇΓöÇΓöÇΓöÇΓöÇΓöÇΓöÇΓöÇΓöÇΓöÇΓöÇΓöÇΓöÇΓöÇΓöÇΓöÇΓöÇΓöÇΓöÇΓöÇΓöÇΓöÇΓöÇΓöÇΓöÇΓöÇΓöÇΓöÇΓöÇΓöÇΓöÇΓöÇΓöÇΓöÇΓöÇΓöÇΓöÇΓöÇΓöÇΓöÇΓöÇΓöÇΓöÇΓöÇΓöÇΓöÇΓöÇΓöÇΓöÇΓöÇΓöÇΓöÇΓöÇΓöÇΓöÇΓöÇΓöÇΓöÇΓöÇΓöÇΓöÇΓöÇΓöÇΓöÇΓöÇΓöÇΓöÇ

    Error Context: test-results\routes-collection-builder--70853-lder---Schema---Entry---API-builder\error-context.md

  5) [chromium] ΓÇ║ tests\e2e\routes\collection-builder\collection.spec.ts:16:3 ΓÇ║ Full Collection & Widget Flow ΓÇ║ Login, create collection, perform actions, and add widget 

    TimeoutError: locator.waitFor: Timeout 10000ms exceeded.
    Call log:
      - waiting for getByRole('button', { name: /create/i }) to be visible


      57 |     // 2. Create Entry ΓÇö the button may have text "Create New" or "Add Entry"
      58 |     const createBtn = page.getByRole("button", { name: /create/i });
    > 59 |     await createBtn.waitFor({ state: "visible", timeout: 10_000 });
         |                     ^
      60 |     await createBtn.click();
      61 |     await page.getByPlaceholder(/first name/i).fill("First Name");
      62 |     await page.getByPlaceholder(/last name/i).fill("Last Name");
        at D:\zaroon_files\code\clientProjects\LiteSveltyCMS\tests\e2e\routes\collection-builder\collection.spec.ts:59:21

    attachment #1: video (video/webm) ΓöÇΓöÇΓöÇΓöÇΓöÇΓöÇΓöÇΓöÇΓöÇΓöÇΓöÇΓöÇΓöÇΓöÇΓöÇΓöÇΓöÇΓöÇΓöÇΓöÇΓöÇΓöÇΓöÇΓöÇΓöÇΓöÇΓöÇΓöÇΓöÇΓöÇΓöÇΓöÇΓöÇΓöÇΓöÇΓöÇΓöÇΓöÇΓöÇΓöÇΓöÇΓöÇΓöÇΓöÇΓöÇΓöÇΓöÇΓöÇΓöÇΓöÇΓöÇΓöÇΓöÇΓöÇΓöÇΓöÇΓöÇΓöÇΓöÇΓöÇΓöÇΓöÇ
    test-results\routes-collection-builder--950f3-form-actions-and-add-widget-chromium\video.webm
    ΓöÇΓöÇΓöÇΓöÇΓöÇΓöÇΓöÇΓöÇΓöÇΓöÇΓöÇΓöÇΓöÇΓöÇΓöÇΓöÇΓöÇΓöÇΓöÇΓöÇΓöÇΓöÇΓöÇΓöÇΓöÇΓöÇΓöÇΓöÇΓöÇΓöÇΓöÇΓöÇΓöÇΓöÇΓöÇΓöÇΓöÇΓöÇΓöÇΓöÇΓöÇΓöÇΓöÇΓöÇΓöÇΓöÇΓöÇΓöÇΓöÇΓöÇΓöÇΓöÇΓöÇΓöÇΓöÇΓöÇΓöÇΓöÇΓöÇΓöÇΓöÇΓöÇΓöÇΓöÇΓöÇΓöÇΓöÇΓöÇΓöÇΓöÇΓöÇΓöÇΓöÇΓöÇΓöÇΓöÇΓöÇΓöÇΓöÇΓöÇΓöÇΓöÇΓöÇΓöÇΓöÇΓöÇΓöÇΓöÇΓöÇΓöÇΓöÇΓöÇΓöÇΓöÇΓöÇΓöÇ

    Error Context: test-results\routes-collection-builder--950f3-form-actions-and-add-widget-chromium\error-context.md

  6) [chromium] ΓÇ║ tests\e2e\routes\collection-builder\empty-state.spec.ts:39:3 ΓÇ║ Collection Builder ΓÇö Empty State ΓÇ║ should show empty state when no collections exist 

    Error: expect(locator).toBeVisible() failed

    Locator: getByText(/blueprint is empty/i).first()
    Expected: visible
    Timeout: 10000ms
    Error: element(s) not found

    Call log:
      - Expect "toBeVisible" with timeout 10000ms
      - waiting for getByText(/blueprint is empty/i).first()


      44 |     await expect(
      45 |       page.getByText(/blueprint is empty/i).first(),
    > 46 |     ).toBeVisible({
         |       ^
      47 |       timeout: 10_000,
      48 |     });
      49 |
        at D:\zaroon_files\code\clientProjects\LiteSveltyCMS\tests\e2e\routes\collection-builder\empty-state.spec.ts:46:7

    attachment #1: video (video/webm) ΓöÇΓöÇΓöÇΓöÇΓöÇΓöÇΓöÇΓöÇΓöÇΓöÇΓöÇΓöÇΓöÇΓöÇΓöÇΓöÇΓöÇΓöÇΓöÇΓöÇΓöÇΓöÇΓöÇΓöÇΓöÇΓöÇΓöÇΓöÇΓöÇΓöÇΓöÇΓöÇΓöÇΓöÇΓöÇΓöÇΓöÇΓöÇΓöÇΓöÇΓöÇΓöÇΓöÇΓöÇΓöÇΓöÇΓöÇΓöÇΓöÇΓöÇΓöÇΓöÇΓöÇΓöÇΓöÇΓöÇΓöÇΓöÇΓöÇΓöÇΓöÇΓöÇ
    test-results\routes-collection-builder--eb3db-e-when-no-collections-exist-chromium\video.webm
    ΓöÇΓöÇΓöÇΓöÇΓöÇΓöÇΓöÇΓöÇΓöÇΓöÇΓöÇΓöÇΓöÇΓöÇΓöÇΓöÇΓöÇΓöÇΓöÇΓöÇΓöÇΓöÇΓöÇΓöÇΓöÇΓöÇΓöÇΓöÇΓöÇΓöÇΓöÇΓöÇΓöÇΓöÇΓöÇΓöÇΓöÇΓöÇΓöÇΓöÇΓöÇΓöÇΓöÇΓöÇΓöÇΓöÇΓöÇΓöÇΓöÇΓöÇΓöÇΓöÇΓöÇΓöÇΓöÇΓöÇΓöÇΓöÇΓöÇΓöÇΓöÇΓöÇΓöÇΓöÇΓöÇΓöÇΓöÇΓöÇΓöÇΓöÇΓöÇΓöÇΓöÇΓöÇΓöÇΓöÇΓöÇΓöÇΓöÇΓöÇΓöÇΓöÇΓöÇΓöÇΓöÇΓöÇΓöÇΓöÇΓöÇΓöÇΓöÇΓöÇΓöÇΓöÇΓöÇΓöÇ

    Error Context: test-results\routes-collection-builder--eb3db-e-when-no-collections-exist-chromium\error-context.md

  7) [chromium] ΓÇ║ tests\e2e\routes\collection-builder\empty-state.spec.ts:89:3 ΓÇ║ Collection Builder ΓÇö Empty State ΓÇ║ should install a Quick Start template from empty state 

    Error: expect(locator).toBeVisible() failed

    Locator: getByText(/collections created successfully/i)
    Expected: visible
    Timeout: 15000ms
    Error: element(s) not found

    Call log:
      - Expect "toBeVisible" with timeout 15000ms
      - waiting for getByText(/collections created successfully/i)
        - waiting for" http://127.0.0.1:4173/config/collectionbuilder" navigation to finish...
        - navigated to "http://127.0.0.1:4173/config/collectionbuilder"


      100 |
      101 |     // Should get a success toast
    > 102 |     await expect(page.getByText(/collections created successfully/i)).toBeVisible({
          |                                                                       ^
      103 |       timeout: 15_000,
      104 |     });
      105 |
        at D:\zaroon_files\code\clientProjects\LiteSveltyCMS\tests\e2e\routes\collection-builder\empty-state.spec.ts:102:71

    attachment #1: video (video/webm) ΓöÇΓöÇΓöÇΓöÇΓöÇΓöÇΓöÇΓöÇΓöÇΓöÇΓöÇΓöÇΓöÇΓöÇΓöÇΓöÇΓöÇΓöÇΓöÇΓöÇΓöÇΓöÇΓöÇΓöÇΓöÇΓöÇΓöÇΓöÇΓöÇΓöÇΓöÇΓöÇΓöÇΓöÇΓöÇΓöÇΓöÇΓöÇΓöÇΓöÇΓöÇΓöÇΓöÇΓöÇΓöÇΓöÇΓöÇΓöÇΓöÇΓöÇΓöÇΓöÇΓöÇΓöÇΓöÇΓöÇΓöÇΓöÇΓöÇΓöÇΓöÇΓöÇ
    test-results\routes-collection-builder--d0c98-t-template-from-empty-state-chromium\video.webm
    ΓöÇΓöÇΓöÇΓöÇΓöÇΓöÇΓöÇΓöÇΓöÇΓöÇΓöÇΓöÇΓöÇΓöÇΓöÇΓöÇΓöÇΓöÇΓöÇΓöÇΓöÇΓöÇΓöÇΓöÇΓöÇΓöÇΓöÇΓöÇΓöÇΓöÇΓöÇΓöÇΓöÇΓöÇΓöÇΓöÇΓöÇΓöÇΓöÇΓöÇΓöÇΓöÇΓöÇΓöÇΓöÇΓöÇΓöÇΓöÇΓöÇΓöÇΓöÇΓöÇΓöÇΓöÇΓöÇΓöÇΓöÇΓöÇΓöÇΓöÇΓöÇΓöÇΓöÇΓöÇΓöÇΓöÇΓöÇΓöÇΓöÇΓöÇΓöÇΓöÇΓöÇΓöÇΓöÇΓöÇΓöÇΓöÇΓöÇΓöÇΓöÇΓöÇΓöÇΓöÇΓöÇΓöÇΓöÇΓöÇΓöÇΓöÇΓöÇΓöÇΓöÇΓöÇΓöÇΓöÇ

    Error Context: test-results\routes-collection-builder--d0c98-t-template-from-empty-state-chromium\error-context.md

  8) [chromium] ΓÇ║ tests\e2e\routes\collection-builder\journey.spec.ts:11:3 ΓÇ║ Master Behavioral Journey ΓÇ║ Full Lifecycle: Builder -> Schema -> Entry -> API 

    Test timeout of 30000ms exceeded.

    Error: locator.click: Test timeout of 30000ms exceeded.
    Call log:
      - waiting for getByRole('button', { name: /create new/i })


      46 |     // Click the treeitem to navigate to the entry page (client-side navigation)
      47 |     await page.getByRole("treeitem", { name: RegExp(collectionName, 'i') }).first().click();
    > 48 |     await page.getByRole("button", { name: /create new/i }).click();
         |                                                             ^
      49 |
      50 |     // Fill the dynamically generated text field
      51 |     await page.getByLabel(/new input/i).fill("The TQA Project");
        at D:\zaroon_files\code\clientProjects\LiteSveltyCMS\tests\e2e\routes\collection-builder\journey.spec.ts:48:61

    attachment #1: video (video/webm) ΓöÇΓöÇΓöÇΓöÇΓöÇΓöÇΓöÇΓöÇΓöÇΓöÇΓöÇΓöÇΓöÇΓöÇΓöÇΓöÇΓöÇΓöÇΓöÇΓöÇΓöÇΓöÇΓöÇΓöÇΓöÇΓöÇΓöÇΓöÇΓöÇΓöÇΓöÇΓöÇΓöÇΓöÇΓöÇΓöÇΓöÇΓöÇΓöÇΓöÇΓöÇΓöÇΓöÇΓöÇΓöÇΓöÇΓöÇΓöÇΓöÇΓöÇΓöÇΓöÇΓöÇΓöÇΓöÇΓöÇΓöÇΓöÇΓöÇΓöÇΓöÇΓöÇ
    test-results\routes-collection-builder--70853-lder---Schema---Entry---API-chromium\video.webm
    ΓöÇΓöÇΓöÇΓöÇΓöÇΓöÇΓöÇΓöÇΓöÇΓöÇΓöÇΓöÇΓöÇΓöÇΓöÇΓöÇΓöÇΓöÇΓöÇΓöÇΓöÇΓöÇΓöÇΓöÇΓöÇΓöÇΓöÇΓöÇΓöÇΓöÇΓöÇΓöÇΓöÇΓöÇΓöÇΓöÇΓöÇΓöÇΓöÇΓöÇΓöÇΓöÇΓöÇΓöÇΓöÇΓöÇΓöÇΓöÇΓöÇΓöÇΓöÇΓöÇΓöÇΓöÇΓöÇΓöÇΓöÇΓöÇΓöÇΓöÇΓöÇΓöÇΓöÇΓöÇΓöÇΓöÇΓöÇΓöÇΓöÇΓöÇΓöÇΓöÇΓöÇΓöÇΓöÇΓöÇΓöÇΓöÇΓöÇΓöÇΓöÇΓöÇΓöÇΓöÇΓöÇΓöÇΓöÇΓöÇΓöÇΓöÇΓöÇΓöÇΓöÇΓöÇΓöÇΓöÇ

    Error Context: test-results\routes-collection-builder--70853-lder---Schema---Entry---API-chromium\error-context.md

  8 failed
    [builder] ΓÇ║ tests\e2e\routes\collection-builder\collection.spec.ts:16:3 ΓÇ║ Full Collection & Widget Flow ΓÇ║ Login, create collection, perform actions, and add widget 
    [builder] ΓÇ║ tests\e2e\routes\collection-builder\empty-state.spec.ts:39:3 ΓÇ║ Collection Builder ΓÇö Empty State ΓÇ║ should show empty state when no collections exist 
    [builder] ΓÇ║ tests\e2e\routes\collection-builder\empty-state.spec.ts:89:3 ΓÇ║ Collection Builder ΓÇö Empty State ΓÇ║ should install a Quick Start template from empty state 
    [builder] ΓÇ║ tests\e2e\routes\collection-builder\journey.spec.ts:11:3 ΓÇ║ Master Behavioral Journey ΓÇ║ Full Lifecycle: Builder -> Schema -> Entry -> API 
    [chromium] ΓÇ║ tests\e2e\routes\collection-builder\collection.spec.ts:16:3 ΓÇ║ Full Collection & Widget Flow ΓÇ║ Login, create collection, perform actions, and add widget 
    [chromium] ΓÇ║ tests\e2e\routes\collection-builder\empty-state.spec.ts:39:3 ΓÇ║ Collection Builder ΓÇö Empty State ΓÇ║ should show empty state when no collections exist 
    [chromium] ΓÇ║ tests\e2e\routes\collection-builder\empty-state.spec.ts:89:3 ΓÇ║ Collection Builder ΓÇö Empty State ΓÇ║ should install a Quick Start template from empty state 
    [chromium] ΓÇ║ tests\e2e\routes\collection-builder\journey.spec.ts:11:3 ΓÇ║ Master Behavioral Journey ΓÇ║ Full Lifecycle: Builder -> Schema -> Entry -> API 
  40 passed (6.1m)
